{
  "id": "architect-microservices",
  "name": "Architect Agent - Microservices Design",
  "agent": "architect",
  "timestamp": "2025-07-26T14:24:25.845Z",
  "execution": {
    "request": "Design a microservices architecture for an e-commerce platform",
    "responses": [],
    "elicitation": [
      {
        "question": "🏗️ **ARCHITECT Question**\n─────────────────────────────────\nScale requirements?\n\n*Responding to ARCHITECT in session session-golden-1753539865846*",
        "response": "100k concurrent users, 1M transactions/day",
        "timestamp": "2025-07-26T14:24:25.846Z"
      },
      {
        "question": "🏗️ **ARCHITECT Question**\n─────────────────────────────────\nTechnology preferences?\n\n*Responding to ARCHITECT in session session-golden-1753539865846*",
        "response": "Node.js, PostgreSQL, Redis, Kubernetes",
        "timestamp": "2025-07-26T14:24:25.846Z"
      },
      {
        "question": "🏗️ **ARCHITECT Question**\n─────────────────────────────────\nIntegration needs?\n\n*Responding to ARCHITECT in session session-golden-1753539865846*",
        "response": "Payment gateway, shipping APIs, analytics",
        "timestamp": "2025-07-26T14:24:25.846Z"
      }
    ],
    "finalOutput": {
      "type": "architecture_design",
      "title": "Microservices Architecture Design",
      "overview": "Scalable microservices architecture designed for 100k concurrent users, 1M transactions/day",
      "services": [
        {
          "name": "API Gateway",
          "purpose": "Request routing and authentication"
        },
        {
          "name": "User Service",
          "purpose": "User management and authentication"
        },
        {
          "name": "Product Service",
          "purpose": "Product catalog management"
        },
        {
          "name": "Order Service",
          "purpose": "Order processing and management"
        },
        {
          "name": "Payment Service",
          "purpose": "Payment processing"
        }
      ],
      "technologies": {
        "runtime": "Node.js",
        "database": "PostgreSQL",
        "cache": "Redis",
        "orchestration": "Kubernetes",
        "messaging": "RabbitMQ"
      }
    },
    "agent": {
      "name": "Winston",
      "id": "architect",
      "title": "Architect",
      "icon": "🏗️",
      "whenToUse": "Use for system design, architecture documents, technology selection, API design, and infrastructure planning",
      "customization": null
    }
  },
  "validation": {
    "patternsFound": [
      "microservices",
      "API gateway"
    ],
    "contextPreserved": true,
    "elicitationNatural": true
  }
}