{
  "id": "qa-test-strategy",
  "name": "QA Agent - Test Strategy",
  "agent": "qa",
  "timestamp": "2025-07-26T14:24:25.846Z",
  "execution": {
    "request": "Create a comprehensive test strategy for a payment processing system",
    "responses": [],
    "elicitation": [
      {
        "question": "🐛 **QA Question**\n─────────────────────────────────\nCompliance requirements?\n\n*Responding to QA in session session-golden-1753539865846*",
        "response": "PCI-DSS Level 1 compliance required",
        "timestamp": "2025-07-26T14:24:25.846Z"
      },
      {
        "question": "🐛 **QA Question**\n─────────────────────────────────\nTest environments?\n\n*Responding to QA in session session-golden-1753539865846*",
        "response": "Dev, staging, and production-like sandbox",
        "timestamp": "2025-07-26T14:24:25.846Z"
      },
      {
        "question": "🐛 **QA Question**\n─────────────────────────────────\nPerformance targets?\n\n*Responding to QA in session session-golden-1753539865846*",
        "response": "Sub-100ms transaction processing",
        "timestamp": "2025-07-26T14:24:25.846Z"
      }
    ],
    "finalOutput": {
      "type": "test_strategy",
      "title": "Comprehensive Test Strategy",
      "overview": "Test strategy ensuring PCI-DSS Level 1 compliance required compliance",
      "testLevels": [
        {
          "level": "Unit Tests",
          "coverage": "80%+",
          "tools": [
            "Jest",
            "Mocha"
          ]
        },
        {
          "level": "Integration Tests",
          "focus": "API contracts",
          "tools": [
            "Postman",
            "Newman"
          ]
        },
        {
          "level": "Security Tests",
          "focus": "PCI-DSS Level 1 compliance required",
          "tools": [
            "OWASP ZAP",
            "Burp Suite"
          ]
        },
        {
          "level": "Performance Tests",
          "targets": "Sub-100ms response",
          "tools": [
            "JMeter",
            "K6"
          ]
        }
      ],
      "environments": [
        "Development",
        "Staging",
        "Production-like Sandbox"
      ]
    },
    "agent": {
      "name": "Quinn",
      "id": "qa",
      "title": "Senior Developer & QA Architect",
      "icon": "🧪",
      "whenToUse": "Use for senior code review, refactoring, test planning, quality assurance, and mentoring through code improvements",
      "customization": null
    }
  },
  "validation": {
    "patternsFound": [
      "test strategy",
      "compliance",
      "performance"
    ],
    "contextPreserved": true,
    "elicitationNatural": true
  }
}